This is pdfTeX, Version 3.14159265-2.6-1.40.20 (TeX Live 2019) (preloaded format=pdflatex 2019.5.8)  27 APR 2026 19:42
entering extended mode
 restricted \write18 enabled.
 file:line:error style messages enabled.
 %&-line parsing enabled.
**fig_S3_mapper_instances_across_simplices.tex
(./fig_S3_mapper_instances_across_simplices.tex
LaTeX2e <2018-12-01>
(/usr/local/texlive/2019/texmf-dist/tex/latex/standalone/standalone.cls
Document Class: standalone 2018/03/26 v1.3a Class to compile TeX sub-files stan
dalone
(/usr/local/texlive/2019/texmf-dist/tex/latex/tools/shellesc.sty
Package: shellesc 2016/06/07 v0.02a unified shell escape interface for LaTeX
Package shellesc Info: Restricted shell escape enabled on input line 69.
)
(/usr/local/texlive/2019/texmf-dist/tex/generic/oberdiek/ifluatex.sty
Package: ifluatex 2016/05/16 v1.4 Provides the ifluatex switch (HO)
Package ifluatex Info: LuaTeX not detected.
)
(/usr/local/texlive/2019/texmf-dist/tex/generic/oberdiek/ifpdf.sty
Package: ifpdf 2018/09/07 v3.3 Provides the ifpdf switch
)
(/usr/local/texlive/2019/texmf-dist/tex/generic/ifxetex/ifxetex.sty
Package: ifxetex 2010/09/12 v0.6 Provides ifxetex conditional
)
(/usr/local/texlive/2019/texmf-dist/tex/latex/xkeyval/xkeyval.sty
Package: xkeyval 2014/12/03 v2.7a package option processing (HA)

(/usr/local/texlive/2019/texmf-dist/tex/generic/xkeyval/xkeyval.tex
(/usr/local/texlive/2019/texmf-dist/tex/generic/xkeyval/xkvutils.tex
\XKV@toks=\toks14
\XKV@tempa@toks=\toks15

(/usr/local/texlive/2019/texmf-dist/tex/generic/xkeyval/keyval.tex))
\XKV@depth=\count80
File: xkeyval.tex 2014/12/03 v2.7a key=value parser (HA)
))
\sa@internal=\count81
\c@sapage=\count82

(/usr/local/texlive/2019/texmf-dist/tex/latex/standalone/standalone.cfg
File: standalone.cfg 2018/03/26 v1.3a Default configuration file for 'standalon
e' class
)
(/usr/local/texlive/2019/texmf-dist/tex/latex/base/article.cls
Document Class: article 2018/09/03 v1.4i Standard LaTeX document class
(/usr/local/texlive/2019/texmf-dist/tex/latex/base/size11.clo
File: size11.clo 2018/09/03 v1.4i Standard LaTeX file (size option)
)
\c@part=\count83
\c@section=\count84
\c@subsection=\count85
\c@subsubsection=\count86
\c@paragraph=\count87
\c@subparagraph=\count88
\c@figure=\count89
\c@table=\count90
\abovecaptionskip=\skip41
\belowcaptionskip=\skip42
\bibindent=\dimen102
)
\sa@box=\box27
)
(/usr/local/texlive/2019/texmf-dist/tex/latex/graphics/graphicx.sty
Package: graphicx 2017/06/01 v1.1a Enhanced LaTeX Graphics (DPC,SPQR)

(/usr/local/texlive/2019/texmf-dist/tex/latex/graphics/graphics.sty
Package: graphics 2017/06/25 v1.2c Standard LaTeX Graphics (DPC,SPQR)

(/usr/local/texlive/2019/texmf-dist/tex/latex/graphics/trig.sty
Package: trig 2016/01/03 v1.10 sin cos tan (DPC)
)
(/usr/local/texlive/2019/texmf-dist/tex/latex/graphics-cfg/graphics.cfg
File: graphics.cfg 2016/06/04 v1.11 sample graphics configuration
)
Package graphics Info: Driver file: pdftex.def on input line 99.

(/usr/local/texlive/2019/texmf-dist/tex/latex/graphics-def/pdftex.def
File: pdftex.def 2018/01/08 v1.0l Graphics/color driver for pdftex
))
\Gin@req@height=\dimen103
\Gin@req@width=\dimen104
)
(/usr/local/texlive/2019/texmf-dist/tex/latex/tools/array.sty
Package: array 2018/12/30 v2.4k Tabular extension package (FMi)
\col@sep=\dimen105
\ar@mcellbox=\box28
\extrarowheight=\dimen106
\NC@list=\toks16
\extratabsurround=\skip43
\backup@length=\skip44
\ar@cellbox=\box29
)
(/usr/local/texlive/2019/texmf-dist/tex/latex/psnfss/helvet.sty
Package: helvet 2005/04/12 PSNFSS-v9.2a (WaS) 
)
(./fig_S3_mapper_instances_across_simplices.aux)
\openout1 = `fig_S3_mapper_instances_across_simplices.aux'.

LaTeX Font Info:    Checking defaults for OML/cmm/m/it on input line 9.
LaTeX Font Info:    ... okay on input line 9.
LaTeX Font Info:    Checking defaults for T1/cmr/m/n on input line 9.
LaTeX Font Info:    ... okay on input line 9.
LaTeX Font Info:    Checking defaults for OT1/cmr/m/n on input line 9.
LaTeX Font Info:    ... okay on input line 9.
LaTeX Font Info:    Checking defaults for OMS/cmsy/m/n on input line 9.
LaTeX Font Info:    ... okay on input line 9.
LaTeX Font Info:    Checking defaults for OMX/cmex/m/n on input line 9.
LaTeX Font Info:    ... okay on input line 9.
LaTeX Font Info:    Checking defaults for U/cmr/m/n on input line 9.
LaTeX Font Info:    ... okay on input line 9.
LaTeX Font Info:    Try loading font information for OT1+phv on input line 9.

(/usr/local/texlive/2019/texmf-dist/tex/latex/psnfss/ot1phv.fd
File: ot1phv.fd 2001/06/04 scalable font definitions for OT1/phv.
)
(/usr/local/texlive/2019/texmf-dist/tex/context/base/mkii/supp-pdf.mkii
[Loading MPS to PDF converter (version 2006.09.02).]
\scratchcounter=\count91
\scratchdimen=\dimen107
\scratchbox=\box30
\nofMPsegments=\count92
\nofMParguments=\count93
\everyMPshowfont=\toks17
\MPscratchCnt=\count94
\MPscratchDim=\dimen108
\MPnumerator=\count95
\makeMPintoPDFobject=\count96
\everyMPtoPDFconversion=\toks18
) (/usr/local/texlive/2019/texmf-dist/tex/latex/oberdiek/epstopdf-base.sty
Package: epstopdf-base 2016/05/15 v2.6 Base part for package epstopdf

(/usr/local/texlive/2019/texmf-dist/tex/generic/oberdiek/infwarerr.sty
Package: infwarerr 2016/05/16 v1.4 Providing info/warning/error messages (HO)
)
(/usr/local/texlive/2019/texmf-dist/tex/latex/oberdiek/grfext.sty
Package: grfext 2016/05/16 v1.2 Manage graphics extensions (HO)

(/usr/local/texlive/2019/texmf-dist/tex/generic/oberdiek/kvdefinekeys.sty
Package: kvdefinekeys 2016/05/16 v1.4 Define keys (HO)

(/usr/local/texlive/2019/texmf-dist/tex/generic/oberdiek/ltxcmds.sty
Package: ltxcmds 2016/05/16 v1.23 LaTeX kernel commands for general use (HO)
)))
(/usr/local/texlive/2019/texmf-dist/tex/latex/oberdiek/kvoptions.sty
Package: kvoptions 2016/05/16 v3.12 Key value format for package options (HO)

(/usr/local/texlive/2019/texmf-dist/tex/generic/oberdiek/kvsetkeys.sty
Package: kvsetkeys 2016/05/16 v1.17 Key value parser (HO)

(/usr/local/texlive/2019/texmf-dist/tex/generic/oberdiek/etexcmds.sty
Package: etexcmds 2016/05/16 v1.6 Avoid name clashes with e-TeX commands (HO)
)))
(/usr/local/texlive/2019/texmf-dist/tex/generic/oberdiek/pdftexcmds.sty
Package: pdftexcmds 2018/09/10 v0.29 Utility functions of pdfTeX for LuaTeX (HO
)
Package pdftexcmds Info: LuaTeX not detected.
Package pdftexcmds Info: \pdf@primitive is available.
Package pdftexcmds Info: \pdf@ifprimitive is available.
Package pdftexcmds Info: \pdfdraftmode found.
)
Package epstopdf-base Info: Redefining graphics rule for `.eps' on input line 4
38.
Package grfext Info: Graphics extension search list:
(grfext)             [.pdf,.png,.jpg,.mps,.jpeg,.jbig2,.jb2,.PDF,.PNG,.JPG,.JPE
G,.JBIG2,.JB2,.eps]
(grfext)             \AppendGraphicsExtensions on input line 456.

(/usr/local/texlive/2019/texmf-dist/tex/latex/latexconfig/epstopdf-sys.cfg
File: epstopdf-sys.cfg 2010/07/13 v1.3 Configuration of (r)epstopdf for TeX Liv
e
))
LaTeX Font Info:    External font `cmex10' loaded for size
(Font)              <10.95> on input line 11.
LaTeX Font Info:    External font `cmex10' loaded for size
(Font)              <8> on input line 11.
LaTeX Font Info:    External font `cmex10' loaded for size
(Font)              <6> on input line 11.
<../data_pipeline/individual_mapper_graphs/simplexMapper_node_100206_LR_schaefe
r100x7_edgeAlpha_60.pdf, id=1, 427.5975pt x 391.4625pt>
File: ../data_pipeline/individual_mapper_graphs/simplexMapper_node_100206_LR_sc
haefer100x7_edgeAlpha_60.pdf Graphic file (type pdf)
<use ../data_pipeline/individual_mapper_graphs/simplexMapper_node_100206_LR_sch
aefer100x7_edgeAlpha_60.pdf>
Package pdftex.def Info: ../data_pipeline/individual_mapper_graphs/simplexMappe
r_node_100206_LR_schaefer100x7_edgeAlpha_60.pdf  used on input line 17.
(pdftex.def)             Requested size: 130.08621pt x 119.08826pt.
<../data_pipeline/individual_mapper_graphs/simplexMapper_edge_100206_LR_schaefe
r100x7_edgeAlpha_60.pdf, id=2, 425.59pt x 316.18124pt>
File: ../data_pipeline/individual_mapper_graphs/simplexMapper_edge_100206_LR_sc
haefer100x7_edgeAlpha_60.pdf Graphic file (type pdf)
<use ../data_pipeline/individual_mapper_graphs/simplexMapper_edge_100206_LR_sch
aefer100x7_edgeAlpha_60.pdf>
Package pdftex.def Info: ../data_pipeline/individual_mapper_graphs/simplexMappe
r_edge_100206_LR_schaefer100x7_edgeAlpha_60.pdf  used on input line 18.
(pdftex.def)             Requested size: 130.08621pt x 96.645pt.
<../data_pipeline/individual_mapper_graphs/simplexMapper_triangle_100206_LR_sch
aefer100x7_edgeAlpha_60.pdf, id=3, 463.7325pt x 365.365pt>
File: ../data_pipeline/individual_mapper_graphs/simplexMapper_triangle_100206_L
R_schaefer100x7_edgeAlpha_60.pdf Graphic file (type pdf)
<use ../data_pipeline/individual_mapper_graphs/simplexMapper_triangle_100206_LR
_schaefer100x7_edgeAlpha_60.pdf>
Package pdftex.def Info: ../data_pipeline/individual_mapper_graphs/simplexMappe
r_triangle_100206_LR_schaefer100x7_edgeAlpha_60.pdf  used on input line 19.
(pdftex.def)             Requested size: 130.08621pt x 102.49104pt.
<../data_pipeline/individual_mapper_graphs/simplexMapper_node_125525_LR_schaefe
r100x7_edgeAlpha_60.pdf, id=4, 434.62375pt x 383.4325pt>
File: ../data_pipeline/individual_mapper_graphs/simplexMapper_node_125525_LR_sc
haefer100x7_edgeAlpha_60.pdf Graphic file (type pdf)
<use ../data_pipeline/individual_mapper_graphs/simplexMapper_node_125525_LR_sch
aefer100x7_edgeAlpha_60.pdf>
Package pdftex.def Info: ../data_pipeline/individual_mapper_graphs/simplexMappe
r_node_125525_LR_schaefer100x7_edgeAlpha_60.pdf  used on input line 23.
(pdftex.def)             Requested size: 130.08621pt x 114.76735pt.
<../data_pipeline/individual_mapper_graphs/simplexMapper_edge_125525_LR_schaefe
r100x7_edgeAlpha_60.pdf, id=5, 362.35374pt x 332.24126pt>
File: ../data_pipeline/individual_mapper_graphs/simplexMapper_edge_125525_LR_sc
haefer100x7_edgeAlpha_60.pdf Graphic file (type pdf)
<use ../data_pipeline/individual_mapper_graphs/simplexMapper_edge_125525_LR_sch
aefer100x7_edgeAlpha_60.pdf>
Package pdftex.def Info: ../data_pipeline/individual_mapper_graphs/simplexMappe
r_edge_125525_LR_schaefer100x7_edgeAlpha_60.pdf  used on input line 24.
(pdftex.def)             Requested size: 130.08621pt x 119.27722pt.
<../data_pipeline/individual_mapper_graphs/simplexMapper_triangle_125525_LR_sch
aefer100x7_edgeAlpha_60.pdf, id=6, 404.51125pt x 368.37625pt>
File: ../data_pipeline/individual_mapper_graphs/simplexMapper_triangle_125525_L
R_schaefer100x7_edgeAlpha_60.pdf Graphic file (type pdf)
<use ../data_pipeline/individual_mapper_graphs/simplexMapper_triangle_125525_LR
_schaefer100x7_edgeAlpha_60.pdf>
Package pdftex.def Info: ../data_pipeline/individual_mapper_graphs/simplexMappe
r_triangle_125525_LR_schaefer100x7_edgeAlpha_60.pdf  used on input line 25.
(pdftex.def)             Requested size: 130.08621pt x 118.46738pt.
<../data_pipeline/individual_mapper_graphs/simplexMapper_node_144832_LR_schaefe
r100x7_edgeAlpha_60.pdf, id=7, 405.515pt x 383.4325pt>
File: ../data_pipeline/individual_mapper_graphs/simplexMapper_node_144832_LR_sc
haefer100x7_edgeAlpha_60.pdf Graphic file (type pdf)
<use ../data_pipeline/individual_mapper_graphs/simplexMapper_node_144832_LR_sch
aefer100x7_edgeAlpha_60.pdf>
Package pdftex.def Info: ../data_pipeline/individual_mapper_graphs/simplexMappe
r_node_144832_LR_schaefer100x7_edgeAlpha_60.pdf  used on input line 29.
(pdftex.def)             Requested size: 130.08621pt x 123.00514pt.
<../data_pipeline/individual_mapper_graphs/simplexMapper_edge_144832_LR_schaefe
r100x7_edgeAlpha_60.pdf, id=8, 444.66125pt x 357.335pt>
File: ../data_pipeline/individual_mapper_graphs/simplexMapper_edge_144832_LR_sc
haefer100x7_edgeAlpha_60.pdf Graphic file (type pdf)
<use ../data_pipeline/individual_mapper_graphs/simplexMapper_edge_144832_LR_sch
aefer100x7_edgeAlpha_60.pdf>
Package pdftex.def Info: ../data_pipeline/individual_mapper_graphs/simplexMappe
r_edge_144832_LR_schaefer100x7_edgeAlpha_60.pdf  used on input line 30.
(pdftex.def)             Requested size: 130.08621pt x 104.53505pt.
<../data_pipeline/individual_mapper_graphs/simplexMapper_triangle_144832_LR_sch
aefer100x7_edgeAlpha_60.pdf, id=9, 431.6125pt x 343.2825pt>
File: ../data_pipeline/individual_mapper_graphs/simplexMapper_triangle_144832_L
R_schaefer100x7_edgeAlpha_60.pdf Graphic file (type pdf)
<use ../data_pipeline/individual_mapper_graphs/simplexMapper_triangle_144832_LR
_schaefer100x7_edgeAlpha_60.pdf>
Package pdftex.def Info: ../data_pipeline/individual_mapper_graphs/simplexMappe
r_triangle_144832_LR_schaefer100x7_edgeAlpha_60.pdf  used on input line 31.
(pdftex.def)             Requested size: 130.08621pt x 103.4622pt.
<../data_pipeline/individual_mapper_graphs/simplexMapper_node_192641_LR_schaefe
r100x7_edgeAlpha_60.pdf, id=10, 461.725pt x 384.43625pt>
File: ../data_pipeline/individual_mapper_graphs/simplexMapper_node_192641_LR_sc
haefer100x7_edgeAlpha_60.pdf Graphic file (type pdf)
<use ../data_pipeline/individual_mapper_graphs/simplexMapper_node_192641_LR_sch
aefer100x7_edgeAlpha_60.pdf>
Package pdftex.def Info: ../data_pipeline/individual_mapper_graphs/simplexMappe
r_node_192641_LR_schaefer100x7_edgeAlpha_60.pdf  used on input line 35.
(pdftex.def)             Requested size: 130.08621pt x 108.31013pt.
<../data_pipeline/individual_mapper_graphs/simplexMapper_edge_192641_LR_schaefe
r100x7_edgeAlpha_60.pdf, id=11, 462.72874pt x 374.39874pt>
File: ../data_pipeline/individual_mapper_graphs/simplexMapper_edge_192641_LR_sc
haefer100x7_edgeAlpha_60.pdf Graphic file (type pdf)
<use ../data_pipeline/individual_mapper_graphs/simplexMapper_edge_192641_LR_sch
aefer100x7_edgeAlpha_60.pdf>
Package pdftex.def Info: ../data_pipeline/individual_mapper_graphs/simplexMappe
r_edge_192641_LR_schaefer100x7_edgeAlpha_60.pdf  used on input line 36.
(pdftex.def)             Requested size: 130.08621pt x 105.25368pt.
<../data_pipeline/individual_mapper_graphs/simplexMapper_triangle_192641_LR_sch
aefer100x7_edgeAlpha_60.pdf, id=12, 481.8pt x 414.54875pt>
File: ../data_pipeline/individual_mapper_graphs/simplexMapper_triangle_192641_L
R_schaefer100x7_edgeAlpha_60.pdf Graphic file (type pdf)
<use ../data_pipeline/individual_mapper_graphs/simplexMapper_triangle_192641_LR
_schaefer100x7_edgeAlpha_60.pdf>
Package pdftex.def Info: ../data_pipeline/individual_mapper_graphs/simplexMappe
r_triangle_192641_LR_schaefer100x7_edgeAlpha_60.pdf  used on input line 37.
(pdftex.def)             Requested size: 130.08621pt x 111.92332pt.
<../data_pipeline/individual_mapper_graphs/simplexMapper_node_725751_LR_schaefe
r100x7_edgeAlpha_60.pdf, id=13, 450.68375pt x 359.3425pt>
File: ../data_pipeline/individual_mapper_graphs/simplexMapper_node_725751_LR_sc
haefer100x7_edgeAlpha_60.pdf Graphic file (type pdf)
<use ../data_pipeline/individual_mapper_graphs/simplexMapper_node_725751_LR_sch
aefer100x7_edgeAlpha_60.pdf>
Package pdftex.def Info: ../data_pipeline/individual_mapper_graphs/simplexMappe
r_node_725751_LR_schaefer100x7_edgeAlpha_60.pdf  used on input line 41.
(pdftex.def)             Requested size: 130.08621pt x 103.71864pt.
<../data_pipeline/individual_mapper_graphs/simplexMapper_edge_725751_LR_schaefe
r100x7_edgeAlpha_60.pdf, id=14, 446.66875pt x 386.44376pt>
File: ../data_pipeline/individual_mapper_graphs/simplexMapper_edge_725751_LR_sc
haefer100x7_edgeAlpha_60.pdf Graphic file (type pdf)
<use ../data_pipeline/individual_mapper_graphs/simplexMapper_edge_725751_LR_sch
aefer100x7_edgeAlpha_60.pdf>
Package pdftex.def Info: ../data_pipeline/individual_mapper_graphs/simplexMappe
r_edge_725751_LR_schaefer100x7_edgeAlpha_60.pdf  used on input line 42.
(pdftex.def)             Requested size: 130.08621pt x 112.54933pt.
<../data_pipeline/individual_mapper_graphs/simplexMapper_triangle_725751_LR_sch
aefer100x7_edgeAlpha_60.pdf, id=15, 455.7025pt x 406.51875pt>
File: ../data_pipeline/individual_mapper_graphs/simplexMapper_triangle_725751_L
R_schaefer100x7_edgeAlpha_60.pdf Graphic file (type pdf)
<use ../data_pipeline/individual_mapper_graphs/simplexMapper_triangle_725751_LR
_schaefer100x7_edgeAlpha_60.pdf>
Package pdftex.def Info: ../data_pipeline/individual_mapper_graphs/simplexMappe
r_triangle_725751_LR_schaefer100x7_edgeAlpha_60.pdf  used on input line 43.
(pdftex.def)             Requested size: 130.08621pt x 116.04512pt.

[1

{/usr/local/texlive/2019/texmf-var/fonts/map/pdftex/updmap/pdftex.map} <../data
_pipeline/individual_mapper_graphs/simplexMapper_node_100206_LR_schaefer100x7_e
dgeAlpha_60.pdf> <../data_pipeline/individual_mapper_graphs/simplexMapper_edge_
100206_LR_schaefer100x7_edgeAlpha_60.pdf> <../data_pipeline/individual_mapper_g
raphs/simplexMapper_triangle_100206_LR_schaefer100x7_edgeAlpha_60.pdf> <../data
_pipeline/individual_mapper_graphs/simplexMapper_node_125525_LR_schaefer100x7_e
dgeAlpha_60.pdf> <../data_pipeline/individual_mapper_graphs/simplexMapper_edge_
125525_LR_schaefer100x7_edgeAlpha_60.pdf> <../data_pipeline/individual_mapper_g
raphs/simplexMapper_triangle_125525_LR_schaefer100x7_edgeAlpha_60.pdf> <../data
_pipeline/individual_mapper_graphs/simplexMapper_node_144832_LR_schaefer100x7_e
dgeAlpha_60.pdf> <../data_pipeline/individual_mapper_graphs/simplexMapper_edge_
144832_LR_schaefer100x7_edgeAlpha_60.pdf> <../data_pipeline/individual_mapper_g
raphs/simplexMapper_triangle_144832_LR_schaefer100x7_edgeAlpha_60.pdf> <../data
_pipeline/individual_mapper_graphs/simplexMapper_node_192641_LR_schaefer100x7_e
dgeAlpha_60.pdf> <../data_pipeline/individual_mapper_graphs/simplexMapper_edge_
192641_LR_schaefer100x7_edgeAlpha_60.pdf> <../data_pipeline/individual_mapper_g
raphs/simplexMapper_triangle_192641_LR_schaefer100x7_edgeAlpha_60.pdf> <../data
_pipeline/individual_mapper_graphs/simplexMapper_node_725751_LR_schaefer100x7_e
dgeAlpha_60.pdf> <../data_pipeline/individual_mapper_graphs/simplexMapper_edge_
725751_LR_schaefer100x7_edgeAlpha_60.pdf> <../data_pipeline/individual_mapper_g
raphs/simplexMapper_triangle_725751_LR_schaefer100x7_edgeAlpha_60.pdf>]
(./fig_S3_mapper_instances_across_simplices.aux) ) 
Here is how much of TeX's memory you used:
 2055 strings out of 492616
 38348 string characters out of 6129482
 98035 words of memory out of 5000000
 5941 multiletter control sequences out of 15000+600000
 8139 words of font info for 25 fonts, out of 8000000 for 9000
 1141 hyphenation exceptions out of 8191
 39i,12n,56p,339b,274s stack positions out of 5000i,500n,10000p,200000b,80000s
{/usr/local/texlive/2019/texm
f-dist/fonts/enc/dvips/base/8r.enc}</usr/local/texlive/2019/texmf-dist/fonts/ty
pe1/urw/helvetic/uhvr8a.pfb>
Output written on fig_S3_mapper_instances_across_simplices.pdf (1 page, 6933948
 bytes).
PDF statistics:
 105174 PDF objects out of 114338 (max. 8388607)
 104113 compressed objects within 1042 object streams
 0 named destinations out of 1000 (max. 500000)
 76 words of extra memory for PDF output out of 10000 (max. 10000000)

